00:52:08 **** Incremental Build of configuration Debug for project EX2_Lab2 ****
make -j20 all 
arm-none-eabi-gcc -o "EX2_Lab2.elf" @"objects.list"   -mcpu=cortex-m3 -T"F:\HK251\VXL\LAB2\EX2_Lab2\STM32F103C6UX_FLASH.ld" --specs=nosys.specs -Wl,-Map="EX2_Lab2.map" -Wl,--gc-sections -static --specs=nano.specs -mfloat-abi=soft -mthumb -Wl,--start-group -lc -lm -Wl,--end-group
Finished building target: EX2_Lab2.elf
 
arm-none-eabi-size   EX2_Lab2.elf 
arm-none-eabi-objdump -h -S  EX2_Lab2.elf  > "EX2_Lab2.list"
arm-none-eabi-objcopy  -O ihex  EX2_Lab2.elf  "EX2_Lab2.hex"
   text	   data	    bss	    dec	    hex	filename
   7300	     56	   1648	   9004	   232c	EX2_Lab2.elf
arm-none-eabi-objcopy  -O binary  EX2_Lab2.elf  "EX2_Lab2.bin"
Finished building: default.size.stdout
 
Finished building: EX2_Lab2.hex
Finished building: EX2_Lab2.bin
 
 
Finished building: EX2_Lab2.list
 

00:52:09 Build Finished. 0 errors, 0 warnings. (took 491ms)

