03:02:43 **** Incremental Build of configuration Debug for project EX3_Lab2 ****
make -j20 all 
arm-none-eabi-gcc "../Core/Src/main.c" -mcpu=cortex-m3 -std=gnu11 -g3 -DDEBUG -DUSE_HAL_DRIVER -DSTM32F103x6 -c -I../Core/Inc -I../Drivers/STM32F1xx_HAL_Driver/Inc -I../Drivers/STM32F1xx_HAL_Driver/Inc/Legacy -I../Drivers/CMSIS/Device/ST/STM32F1xx/Include -I../Drivers/CMSIS/Include -O0 -ffunction-sections -fdata-sections -Wall -fstack-usage -MMD -MP -MF"Core/Src/main.d" -MT"Core/Src/main.o" --specs=nano.specs -mfloat-abi=soft -mthumb -o "Core/Src/main.o"
arm-none-eabi-gcc -o "EX3_Lab2.elf" @"objects.list"   -mcpu=cortex-m3 -T"F:\HK251\VXL\LAB2\EX3_Lab2\STM32F103C6UX_FLASH.ld" --specs=nosys.specs -Wl,-Map="EX3_Lab2.map" -Wl,--gc-sections -static --specs=nano.specs -mfloat-abi=soft -mthumb -Wl,--start-group -lc -lm -Wl,--end-group
Finished building target: EX3_Lab2.elf
 
arm-none-eabi-size   EX3_Lab2.elf 
arm-none-eabi-objdump -h -S  EX3_Lab2.elf  > "EX3_Lab2.list"
arm-none-eabi-objcopy  -O ihex  EX3_Lab2.elf  "EX3_Lab2.hex"
   text	   data	    bss	    dec	    hex	filename
   7444	     56	   1648	   9148	   23bc	EX3_Lab2.elf
arm-none-eabi-objcopy  -O binary  EX3_Lab2.elf  "EX3_Lab2.bin"
Finished building: default.size.stdout
 
Finished building: EX3_Lab2.hex
Finished building: EX3_Lab2.bin
 
Finished building: EX3_Lab2.list
 
 

03:02:43 Build Finished. 0 errors, 0 warnings. (took 529ms)

